------------------------------------------------------------
Timing Analyzer Summary
------------------------------------------------------------

Type  : Slow 1200mV 85C Model Setup 'Clk'
Slack : -8.536
TNS   : -1604.382

Type  : Slow 1200mV 85C Model Hold 'Clk'
Slack : 0.322
TNS   : 0.000

Type  : Slow 1200mV 85C Model Recovery 'Clk'
Slack : -0.920
TNS   : -15.096

Type  : Slow 1200mV 85C Model Removal 'Clk'
Slack : 0.910
TNS   : 0.000

Type  : Slow 1200mV 85C Model Minimum Pulse Width 'Clk'
Slack : -3.000
TNS   : -404.863

Type  : Slow 1200mV 0C Model Setup 'Clk'
Slack : -7.846
TNS   : -1454.313

Type  : Slow 1200mV 0C Model Hold 'Clk'
Slack : 0.289
TNS   : 0.000

Type  : Slow 1200mV 0C Model Recovery 'Clk'
Slack : -0.767
TNS   : -12.472

Type  : Slow 1200mV 0C Model Removal 'Clk'
Slack : 0.835
TNS   : 0.000

Type  : Slow 1200mV 0C Model Minimum Pulse Width 'Clk'
Slack : -3.000
TNS   : -402.727

Type  : Fast 1200mV 0C Model Setup 'Clk'
Slack : -3.128
TNS   : -544.460

Type  : Fast 1200mV 0C Model Hold 'Clk'
Slack : 0.140
TNS   : 0.000

Type  : Fast 1200mV 0C Model Recovery 'Clk'
Slack : 0.147
TNS   : 0.000

Type  : Fast 1200mV 0C Model Removal 'Clk'
Slack : 0.403
TNS   : 0.000

Type  : Fast 1200mV 0C Model Minimum Pulse Width 'Clk'
Slack : -3.000
TNS   : -286.399

------------------------------------------------------------
